******************************************************************************
                  TI ARM Linker Unix v20.2.7                   
******************************************************************************
>> Linked Mon Apr  8 15:37:21 2024

OUTPUT FILE NAME:   <lab7.out>
ENTRY POINT SYMBOL: "_c_int00_noargs"  address: 00001bf9


MEMORY CONFIGURATION

         name            origin    length      used     unused   attr    fill
----------------------  --------  ---------  --------  --------  ----  --------
  FLASH                 00000000   00040000  00001ca0  0003e360  R  X
  SRAM                  20000000   00008000  00000c14  000073ec  RW X


SEGMENT ALLOCATION MAP

run origin  load origin   length   init length attrs members
----------  ----------- ---------- ----------- ----- -------
00000000    00000000    00001ca0   00001ca0    r-x
  00000000    00000000    0000026c   0000026c    r-- .intvecs
  0000026c    0000026c    000019ee   000019ee    r-x .text
  00001c5a    00001c5a    00000016   00000016    r-- .const
  00001c70    00001c70    00000030   00000030    r-- .cinit
20000000    20000000    00000c17   00000000    rw-
  20000000    20000000    00000a0d   00000000    rw- .bss
  20000a10    20000a10    00000200   00000000    rw- .stack
  20000c10    20000c10    00000007   00000000    rw- .data


SECTION ALLOCATION MAP

 output                                  attributes/
section   page    origin      length       input sections
--------  ----  ----------  ----------   ----------------
.intvecs   0    00000000    0000026c     
                  00000000    0000026c     tm4c123gh6pm_startup_ccs.obj (.intvecs)

.text      0    0000026c    000019ee     
                  0000026c    000005f0     rtcs.obj (.text)
                  0000085c    00000514     string.obj (.text)
                  00000d70    00000348     lcd.obj (.text)
                  000010b8    00000230     uart.obj (.text)
                  000012e8    000001b8     ui.obj (.text)
                  000014a0    0000017c     key.obj (.text)
                  0000161c    0000016c     rtc.obj (.text)
                  00001788    000000c8     file.obj (.text)
                  00001850    0000009c     main.obj (.text)
                  000018ec    0000009c     rtsv7M4_T_le_v4SPD16_eabi.lib : memcpy_t2.asm.obj (.text)
                  00001988    0000008c     gpio.obj (.text)
                  00001a14    0000007c     systick.obj (.text)
                  00001a90    0000007a     rtsv7M4_T_le_v4SPD16_eabi.lib : memset_t2.asm.obj (.text)
                  00001b0a    00000068                                   : copy_decompress_lzss.c.obj (.text:decompress:lzss:__TI_decompress_lzss)
                  00001b72    00000002                                   : div0.asm.obj (.text)
                  00001b74    00000044                                   : autoinit.c.obj (.text:__TI_auto_init_nobinit_nopinit:__TI_auto_init_nobinit_nopinit)
                  00001bb8    00000040                                   : u_divt2.asm.obj (.text)
                  00001bf8    00000034                                   : boot_cortex_m.c.obj (.text:_c_int00_noargs:_c_int00_noargs)
                  00001c2c    0000000e                                   : copy_decompress_none.c.obj (.text:decompress:none:__TI_decompress_none)
                  00001c3a    0000000c                                   : copy_zero_init.c.obj (.text:decompress:ZI:__TI_zero_init)
                  00001c46    0000000c     tm4c123gh6pm_startup_ccs.obj (.text)
                  00001c52    00000004     rtsv7M4_T_le_v4SPD16_eabi.lib : pre_init.c.obj (.text:_system_pre_init)
                  00001c56    00000004                                   : exit.c.obj (.text:abort:abort)

.const     0    00001c5a    00000016     
                  00001c5a    0000000c     key.obj (.const:$P$T0$1)
                  00001c66    0000000a     lcd.obj (.const:.string:LCD_init_sequense)

.cinit     0    00001c70    00000030     
                  00001c70    0000000c     (__TI_handler_table)
                  00001c7c    00000004     --HOLE-- [fill = 0]
                  00001c80    00000008     (.cinit..bss.load) [load image, compression = zero_init]
                  00001c88    00000007     (.cinit..data.load) [load image, compression = lzss]
                  00001c8f    00000001     --HOLE-- [fill = 0]
                  00001c90    00000010     (__TI_cinit_table)

.init_array 
*          0    00000000    00000000     UNINITIALIZED

.bss       0    20000000    00000a0d     UNINITIALIZED
                  20000000    00000840     (.common:poq)
                  20000840    000000c0     (.common:pos)
                  20000900    000000c0     (.common:pot)
                  200009c0    00000040     (.common:pof)
                  20000a00    00000008     ui.obj (.bss:Buf$1)
                  20000a08    00000001     (.common:LCD_init)
                  20000a09    00000001     (.common:current_task)
                  20000a0a    00000001     (.common:hour)
                  20000a0b    00000001     (.common:min)
                  20000a0c    00000001     (.common:sec)

.data      0    20000c10    00000007     UNINITIALIZED
                  20000c10    00000004     systick.obj (.data)
                  20000c14    00000002     lcd.obj (.data)
                  20000c16    00000001     rtcs.obj (.data)

.stack     0    20000a10    00000200     UNINITIALIZED
                  20000a10    00000004     rtsv7M4_T_le_v4SPD16_eabi.lib : boot_cortex_m.c.obj (.stack)
                  20000a14    000001fc     --HOLE--

__llvm_prf_cnts 
*          0    20000000    00000000     UNINITIALIZED

MODULE SUMMARY

       Module                         code   ro data   rw data
       ------                         ----   -------   -------
    ./
       rtcs.obj                       1520   0         2498   
       string.obj                     1300   0         0      
       lcd.obj                        840    10        3      
       tm4c123gh6pm_startup_ccs.obj   12     620       0      
       uart.obj                       560    0         0      
       ui.obj                         440    0         8      
       key.obj                        380    12        0      
       rtc.obj                        364    0         3      
       file.obj                       200    0         64     
       main.obj                       156    0         0      
       gpio.obj                       140    0         0      
       systick.obj                    124    0         4      
    +--+------------------------------+------+---------+---------+
       Total:                         6036   642       2580   
                                                              
    /home/mads/ti/ccs1260/ccs/tools/compiler/ti-cgt-arm_20.2.7.LTS/lib/rtsv7M4_T_le_v4SPD16_eabi.lib
       memcpy_t2.asm.obj              156    0         0      
       memset_t2.asm.obj              122    0         0      
       copy_decompress_lzss.c.obj     104    0         0      
       autoinit.c.obj                 68     0         0      
       u_divt2.asm.obj                64     0         0      
       boot_cortex_m.c.obj            52     0         0      
       copy_decompress_none.c.obj     14     0         0      
       copy_zero_init.c.obj           12     0         0      
       exit.c.obj                     4      0         0      
       pre_init.c.obj                 4      0         0      
       div0.asm.obj                   2      0         0      
    +--+------------------------------+------+---------+---------+
       Total:                         602    0         0      
                                                              
       Stack:                         0      0         512    
       Linker Generated:              0      43        0      
    +--+------------------------------+------+---------+---------+
       Grand Total:                   6638   685       3092   


LINKER GENERATED COPY TABLES

__TI_cinit_table @ 00001c90 records: 2, size/record: 8, table size: 16
	.bss: load addr=00001c80, load size=00000008 bytes, run addr=20000000, run size=00000a0d bytes, compression=zero_init
	.data: load addr=00001c88, load size=00000007 bytes, run addr=20000c10, run size=00000007 bytes, compression=lzss


LINKER GENERATED HANDLER TABLE

__TI_handler_table @ 00001c70 records: 3, size/record: 4, table size: 12
	index: 0, handler: __TI_decompress_lzss
	index: 1, handler: __TI_decompress_none
	index: 2, handler: __TI_zero_init


GLOBAL SYMBOLS: SORTED ALPHABETICALLY BY Name 

address   name                          
-------   ----                          
00001c57  C$$EXIT                       
20000a08  LCD_init                      
00001c66  LCD_init_sequense             
20000c14  LCD_state                     
00001c47  ResetISR                      
00000f7b  Set_cursor                    
20000c10  __STACK_END                   
00000200  __STACK_SIZE                  
20000c10  __STACK_TOP                   
00001c90  __TI_CINIT_Base               
00001ca0  __TI_CINIT_Limit              
00001c70  __TI_Handler_Table_Base       
00001c7c  __TI_Handler_Table_Limit      
00001b75  __TI_auto_init_nobinit_nopinit
00001b0b  __TI_decompress_lzss          
00001c2d  __TI_decompress_none          
ffffffff  __TI_pprof_out_hndl           
ffffffff  __TI_prof_data_size           
ffffffff  __TI_prof_data_start          
00000000  __TI_static_base__            
00001c3b  __TI_zero_init                
00001b73  __aeabi_idiv0                 
00001b73  __aeabi_ldiv0                 
00001a91  __aeabi_memclr                
00001a91  __aeabi_memclr4               
00001a91  __aeabi_memclr8               
000018ed  __aeabi_memcpy                
000018ed  __aeabi_memcpy4               
000018ed  __aeabi_memcpy8               
00001a93  __aeabi_memset                
00001a93  __aeabi_memset4               
00001a93  __aeabi_memset8               
00001bb9  __aeabi_uidiv                 
00001bb9  __aeabi_uidivmod              
ffffffff  __binit__                     
ffffffff  __c_args__                    
UNDEFED   __mpu_init                    
20000a10  __stack                       
20000000  __start___llvm_prf_cnts       
20000000  __stop___llvm_prf_cnts        
00001bf9  _c_int00_noargs               
UNDEFED   _system_post_cinit            
00001c53  _system_pre_init              
00001c57  abort                         
ffffffff  binit                         
0000152b  check_column                  
00000f67  clr_LCD                       
20000a09  current_task                  
000016ed  display_rtc_task              
00000000  g_pfnVectors                  
000017ab  get_file                      
0000161d  get_hour                      
0000151b  get_keyboard                  
00001623  get_min                       
00000505  get_queue                     
00001629  get_sec                       
00000ce5  gfprintf                      
00000a51  gprint                        
00000d0f  gprintf                       
00000d39  gsprintf                      
00000f71  home_LCD                      
20000a0a  hour                          
00000277  i_am_alive                    
000017d7  init_files                    
00001989  init_gpio                     
0000063d  init_rtcs                     
00001a1f  init_systick                  
000014ed  key_catch                     
0000156d  key_task                      
00000fc7  lcd_task                      
00001169  lcrh_databits                 
000011ad  lcrh_parity                   
00001193  lcrh_stopbits                 
00001851  main                          
000018ed  memcpy                        
00001a99  memset                        
20000a0b  min                           
00000da3  move_LCD                      
000003f9  open_queue                    
00000f8b  out_LCD                       
00000efb  out_LCD_high                  
00000eb1  out_LCD_low                   
200009c0  pof                           
20000000  poq                           
20000840  pos                           
20000900  pot                           
000003d1  preset_sem                    
000008af  putChars                      
000008d9  putDec                        
000009cd  putHex                        
0000088f  putStr                        
00001789  put_file                      
00000479  put_queue                     
0000085d  putc1                         
0000026d  retrieve_id                   
000014a1  row                           
0000166b  rtc_task                      
000006c5  schedule                      
20000a0c  sec                           
0000162f  set_hour                      
00001643  set_min                       
00001657  set_sec                       
000002b9  set_state                     
000003ab  signal                        
000005a1  start_task                    
00001a15  systick_handler               
20000c10  ticks                         
00001201  uart0_fifos_disable           
000011f5  uart0_fifos_enable            
000010cf  uart0_get_q                   
000010e9  uart0_getc                    
0000120d  uart0_init                    
000010b9  uart0_put_q                   
000010fd  uart0_putc                    
000010df  uart0_rx_rdy                  
000010f1  uart0_tx_rdy                  
00001111  uart_rx_task                  
00001141  uart_tx_task                  
00001305  ui_key_task                   
000012e9  ui_task                       
000002d7  wait                          
00000305  wait_sem                      
00000d71  wr_ch_LCD                     
00000f11  wr_ctrl_LCD                   
00000e9b  wr_ctrl_LCD_high              
00000dd9  wr_ctrl_LCD_low               
00000d85  wr_str_LCD                    


GLOBAL SYMBOLS: SORTED BY Symbol Address 

address   name                          
-------   ----                          
00000000  __TI_static_base__            
00000000  g_pfnVectors                  
00000200  __STACK_SIZE                  
0000026d  retrieve_id                   
00000277  i_am_alive                    
000002b9  set_state                     
000002d7  wait                          
00000305  wait_sem                      
000003ab  signal                        
000003d1  preset_sem                    
000003f9  open_queue                    
00000479  put_queue                     
00000505  get_queue                     
000005a1  start_task                    
0000063d  init_rtcs                     
000006c5  schedule                      
0000085d  putc1                         
0000088f  putStr                        
000008af  putChars                      
000008d9  putDec                        
000009cd  putHex                        
00000a51  gprint                        
00000ce5  gfprintf                      
00000d0f  gprintf                       
00000d39  gsprintf                      
00000d71  wr_ch_LCD                     
00000d85  wr_str_LCD                    
00000da3  move_LCD                      
00000dd9  wr_ctrl_LCD_low               
00000e9b  wr_ctrl_LCD_high              
00000eb1  out_LCD_low                   
00000efb  out_LCD_high                  
00000f11  wr_ctrl_LCD                   
00000f67  clr_LCD                       
00000f71  home_LCD                      
00000f7b  Set_cursor                    
00000f8b  out_LCD                       
00000fc7  lcd_task                      
000010b9  uart0_put_q                   
000010cf  uart0_get_q                   
000010df  uart0_rx_rdy                  
000010e9  uart0_getc                    
000010f1  uart0_tx_rdy                  
000010fd  uart0_putc                    
00001111  uart_rx_task                  
00001141  uart_tx_task                  
00001169  lcrh_databits                 
00001193  lcrh_stopbits                 
000011ad  lcrh_parity                   
000011f5  uart0_fifos_enable            
00001201  uart0_fifos_disable           
0000120d  uart0_init                    
000012e9  ui_task                       
00001305  ui_key_task                   
000014a1  row                           
000014ed  key_catch                     
0000151b  get_keyboard                  
0000152b  check_column                  
0000156d  key_task                      
0000161d  get_hour                      
00001623  get_min                       
00001629  get_sec                       
0000162f  set_hour                      
00001643  set_min                       
00001657  set_sec                       
0000166b  rtc_task                      
000016ed  display_rtc_task              
00001789  put_file                      
000017ab  get_file                      
000017d7  init_files                    
00001851  main                          
000018ed  __aeabi_memcpy                
000018ed  __aeabi_memcpy4               
000018ed  __aeabi_memcpy8               
000018ed  memcpy                        
00001989  init_gpio                     
00001a15  systick_handler               
00001a1f  init_systick                  
00001a91  __aeabi_memclr                
00001a91  __aeabi_memclr4               
00001a91  __aeabi_memclr8               
00001a93  __aeabi_memset                
00001a93  __aeabi_memset4               
00001a93  __aeabi_memset8               
00001a99  memset                        
00001b0b  __TI_decompress_lzss          
00001b73  __aeabi_idiv0                 
00001b73  __aeabi_ldiv0                 
00001b75  __TI_auto_init_nobinit_nopinit
00001bb9  __aeabi_uidiv                 
00001bb9  __aeabi_uidivmod              
00001bf9  _c_int00_noargs               
00001c2d  __TI_decompress_none          
00001c3b  __TI_zero_init                
00001c47  ResetISR                      
00001c53  _system_pre_init              
00001c57  C$$EXIT                       
00001c57  abort                         
00001c66  LCD_init_sequense             
00001c70  __TI_Handler_Table_Base       
00001c7c  __TI_Handler_Table_Limit      
00001c90  __TI_CINIT_Base               
00001ca0  __TI_CINIT_Limit              
20000000  __start___llvm_prf_cnts       
20000000  __stop___llvm_prf_cnts        
20000000  poq                           
20000840  pos                           
20000900  pot                           
200009c0  pof                           
20000a08  LCD_init                      
20000a09  current_task                  
20000a0a  hour                          
20000a0b  min                           
20000a0c  sec                           
20000a10  __stack                       
20000c10  __STACK_END                   
20000c10  __STACK_TOP                   
20000c10  ticks                         
20000c14  LCD_state                     
ffffffff  __TI_pprof_out_hndl           
ffffffff  __TI_prof_data_size           
ffffffff  __TI_prof_data_start          
ffffffff  __binit__                     
ffffffff  __c_args__                    
ffffffff  binit                         
UNDEFED   __mpu_init                    
UNDEFED   _system_post_cinit            

[127 symbols]
