******************************************************************************
                  TI ARM Linker Unix v20.2.7                   
******************************************************************************
>> Linked Mon Feb 19 15:55:26 2024

OUTPUT FILE NAME:   <LAB3.out>
ENTRY POINT SYMBOL: "_c_int00_noargs"  address: 00000541


MEMORY CONFIGURATION

         name            origin    length      used     unused   attr    fill
----------------------  --------  ---------  --------  --------  ----  --------
  FLASH                 00000000   00040000  000005ba  0003fa46  R  X
  SRAM                  20000000   00008000  00000220  00007de0  RW X


SEGMENT ALLOCATION MAP

run origin  load origin   length   init length attrs members
----------  ----------- ---------- ----------- ----- -------
00000000    00000000    000005bc   000005bc    r-x
  00000000    00000000    0000026c   0000026c    r-- .intvecs
  0000026c    0000026c    0000032a   0000032a    r-x .text
  00000598    00000598    00000024   00000024    r-- .cinit
20000000    20000000    00000220   00000000    rw-
  20000000    20000000    00000200   00000000    rw- .stack
  20000200    20000200    00000020   00000000    rw- .data


SECTION ALLOCATION MAP

 output                                  attributes/
section   page    origin      length       input sections
--------  ----  ----------  ----------   ----------------
.intvecs   0    00000000    0000026c     
                  00000000    0000026c     tm4c123gh6pm_startup_ccs.obj (.intvecs)

.text      0    0000026c    0000032a     
                  0000026c    0000018c     main.obj (.text)
                  000003f8    0000009c     rtsv7M4_T_le_v4SPD16_eabi.lib : memcpy_t2.asm.obj (.text)
                  00000494    00000068                                   : copy_decompress_lzss.c.obj (.text:decompress:lzss:__TI_decompress_lzss)
                  000004fc    00000044                                   : autoinit.c.obj (.text:__TI_auto_init_nobinit_nopinit:__TI_auto_init_nobinit_nopinit)
                  00000540    00000034                                   : boot_cortex_m.c.obj (.text:_c_int00_noargs:_c_int00_noargs)
                  00000574    0000000e                                   : copy_decompress_none.c.obj (.text:decompress:none:__TI_decompress_none)
                  00000582    0000000c     tm4c123gh6pm_startup_ccs.obj (.text)
                  0000058e    00000004     rtsv7M4_T_le_v4SPD16_eabi.lib : pre_init.c.obj (.text:_system_pre_init)
                  00000592    00000004                                   : exit.c.obj (.text:abort:abort)

.cinit     0    00000598    00000024     
                  00000598    00000013     (.cinit..data.load) [load image, compression = lzss]
                  000005ab    00000001     --HOLE-- [fill = 0]
                  000005ac    00000008     (__TI_handler_table)
                  000005b4    00000008     (__TI_cinit_table)

.init_array 
*          0    00000000    00000000     UNINITIALIZED

.data      0    20000200    00000020     UNINITIALIZED
                  20000200    00000014     main.obj (.data:correctSequence)
                  20000214    0000000c     main.obj (.data)

.stack     0    20000000    00000200     UNINITIALIZED
                  20000000    00000004     rtsv7M4_T_le_v4SPD16_eabi.lib : boot_cortex_m.c.obj (.stack)
                  20000004    000001fc     --HOLE--

__llvm_prf_cnts 
*          0    20000000    00000000     UNINITIALIZED

MODULE SUMMARY

       Module                         code   ro data   rw data
       ------                         ----   -------   -------
    ./
       tm4c123gh6pm_startup_ccs.obj   12     620       0      
       main.obj                       396    0         32     
    +--+------------------------------+------+---------+---------+
       Total:                         408    620       32     
                                                              
    /home/mads/ti/ccs1260/ccs/tools/compiler/ti-cgt-arm_20.2.7.LTS/lib/rtsv7M4_T_le_v4SPD16_eabi.lib
       memcpy_t2.asm.obj              156    0         0      
       copy_decompress_lzss.c.obj     104    0         0      
       autoinit.c.obj                 68     0         0      
       boot_cortex_m.c.obj            52     0         0      
       copy_decompress_none.c.obj     14     0         0      
       exit.c.obj                     4      0         0      
       pre_init.c.obj                 4      0         0      
    +--+------------------------------+------+---------+---------+
       Total:                         402    0         0      
                                                              
       Stack:                         0      0         512    
       Linker Generated:              0      35        0      
    +--+------------------------------+------+---------+---------+
       Grand Total:                   810    655       544    


LINKER GENERATED COPY TABLES

__TI_cinit_table @ 000005b4 records: 1, size/record: 8, table size: 8
	.data: load addr=00000598, load size=00000013 bytes, run addr=20000200, run size=00000020 bytes, compression=lzss


LINKER GENERATED HANDLER TABLE

__TI_handler_table @ 000005ac records: 2, size/record: 4, table size: 8
	index: 0, handler: __TI_decompress_lzss
	index: 1, handler: __TI_decompress_none


GLOBAL SYMBOLS: SORTED ALPHABETICALLY BY Name 

address   name                          
-------   ----                          
00000593  C$$EXIT                       
000002e3  GPIOF_Handler                 
0000026d  GPIOF_Init                    
00000583  ResetISR                      
20000200  __STACK_END                   
00000200  __STACK_SIZE                  
20000200  __STACK_TOP                   
000005b4  __TI_CINIT_Base               
000005bc  __TI_CINIT_Limit              
000005ac  __TI_Handler_Table_Base       
000005b4  __TI_Handler_Table_Limit      
000004fd  __TI_auto_init_nobinit_nopinit
00000495  __TI_decompress_lzss          
00000575  __TI_decompress_none          
ffffffff  __TI_pprof_out_hndl           
ffffffff  __TI_prof_data_size           
ffffffff  __TI_prof_data_start          
00000000  __TI_static_base__            
000003f9  __aeabi_memcpy                
000003f9  __aeabi_memcpy4               
000003f9  __aeabi_memcpy8               
ffffffff  __binit__                     
ffffffff  __c_args__                    
UNDEFED   __mpu_init                    
20000000  __stack                       
20000000  __start___llvm_prf_cnts       
20000000  __stop___llvm_prf_cnts        
00000541  _c_int00_noargs               
UNDEFED   _system_post_cinit            
0000058f  _system_pre_init              
00000593  abort                         
ffffffff  binit                         
20000214  correctCount                  
20000200  correctSequence               
2000021c  correctSequenceLength         
00000000  g_pfnVectors                  
000003ad  main                          
000003f9  memcpy                        
20000218  wrongCount                    


GLOBAL SYMBOLS: SORTED BY Symbol Address 

address   name                          
-------   ----                          
00000000  __TI_static_base__            
00000000  g_pfnVectors                  
00000200  __STACK_SIZE                  
0000026d  GPIOF_Init                    
000002e3  GPIOF_Handler                 
000003ad  main                          
000003f9  __aeabi_memcpy                
000003f9  __aeabi_memcpy4               
000003f9  __aeabi_memcpy8               
000003f9  memcpy                        
00000495  __TI_decompress_lzss          
000004fd  __TI_auto_init_nobinit_nopinit
00000541  _c_int00_noargs               
00000575  __TI_decompress_none          
00000583  ResetISR                      
0000058f  _system_pre_init              
00000593  C$$EXIT                       
00000593  abort                         
000005ac  __TI_Handler_Table_Base       
000005b4  __TI_CINIT_Base               
000005b4  __TI_Handler_Table_Limit      
000005bc  __TI_CINIT_Limit              
20000000  __stack                       
20000000  __start___llvm_prf_cnts       
20000000  __stop___llvm_prf_cnts        
20000200  __STACK_END                   
20000200  __STACK_TOP                   
20000200  correctSequence               
20000214  correctCount                  
20000218  wrongCount                    
2000021c  correctSequenceLength         
ffffffff  __TI_pprof_out_hndl           
ffffffff  __TI_prof_data_size           
ffffffff  __TI_prof_data_start          
ffffffff  __binit__                     
ffffffff  __c_args__                    
ffffffff  binit                         
UNDEFED   __mpu_init                    
UNDEFED   _system_post_cinit            

[39 symbols]
