******************************************************************************
                  TI ARM Linker Unix v20.2.7                   
******************************************************************************
>> Linked Thu Feb 22 17:29:52 2024

OUTPUT FILE NAME:   <assignment2.out>
ENTRY POINT SYMBOL: "_c_int00_noargs"  address: 00000689


MEMORY CONFIGURATION

         name            origin    length      used     unused   attr    fill
----------------------  --------  ---------  --------  --------  ----  --------
  FLASH                 00000000   00040000  00000732  0003f8ce  R  X
  SRAM                  20000000   00008000  00000210  00007df0  RW X


SEGMENT ALLOCATION MAP

run origin  load origin   length   init length attrs members
----------  ----------- ---------- ----------- ----- -------
00000000    00000000    00000738   00000738    r-x
  00000000    00000000    0000026c   0000026c    r-- .intvecs
  0000026c    0000026c    0000048e   0000048e    r-x .text
  00000700    00000700    00000038   00000038    r-- .cinit
20000000    20000000    00000210   00000000    rw-
  20000000    20000000    00000200   00000000    rw- .stack
  20000200    20000200    0000000e   00000000    rw- .data
  2000020e    2000020e    00000002   00000000    rw- .bss


SECTION ALLOCATION MAP

 output                                  attributes/
section   page    origin      length       input sections
--------  ----  ----------  ----------   ----------------
.intvecs   0    00000000    0000026c     
                  00000000    0000026c     tm4c123gh6pm_startup_ccs.obj (.intvecs)

.text      0    0000026c    0000048e     
                  0000026c    00000120     main.obj (.text)
                  0000038c    000000fc     button.obj (.text)
                  00000488    0000009c     rtsv7M4_T_le_v4SPD16_eabi.lib : memcpy_t2.asm.obj (.text)
                  00000524    0000007c     systick.obj (.text)
                  000005a0    00000068     rtsv7M4_T_le_v4SPD16_eabi.lib : copy_decompress_lzss.c.obj (.text:decompress:lzss:__TI_decompress_lzss)
                  00000608    00000044                                   : autoinit.c.obj (.text:__TI_auto_init_nobinit_nopinit:__TI_auto_init_nobinit_nopinit)
                  0000064c    0000003c     gpio.obj (.text)
                  00000688    00000034     rtsv7M4_T_le_v4SPD16_eabi.lib : boot_cortex_m.c.obj (.text:_c_int00_noargs:_c_int00_noargs)
                  000006bc    0000001c                                   : copy_zero_init.c.obj (.text:decompress:ZI:__TI_zero_init_nomemset:__TI_zero_init_nomemset)
                  000006d8    0000000e                                   : copy_decompress_none.c.obj (.text:decompress:none:__TI_decompress_none)
                  000006e6    0000000c     tm4c123gh6pm_startup_ccs.obj (.text)
                  000006f2    00000004     rtsv7M4_T_le_v4SPD16_eabi.lib : pre_init.c.obj (.text:_system_pre_init)
                  000006f6    00000004                                   : exit.c.obj (.text:abort:abort)

.cinit     0    00000700    00000038     
                  00000700    00000011     (.cinit..data.load) [load image, compression = lzss]
                  00000711    00000003     --HOLE-- [fill = 0]
                  00000714    0000000c     (__TI_handler_table)
                  00000720    00000008     (.cinit..bss.load) [load image, compression = zero_init]
                  00000728    00000010     (__TI_cinit_table)

.init_array 
*          0    00000000    00000000     UNINITIALIZED

.data      0    20000200    0000000e     UNINITIALIZED
                  20000200    0000000a     main.obj (.data)
                  2000020a    00000002     button.obj (.data)
                  2000020c    00000002     systick.obj (.data)

.bss       0    2000020e    00000002     UNINITIALIZED
                  2000020e    00000002     button.obj (.bss)

.stack     0    20000000    00000200     UNINITIALIZED
                  20000000    00000004     rtsv7M4_T_le_v4SPD16_eabi.lib : boot_cortex_m.c.obj (.stack)
                  20000004    000001fc     --HOLE--

__llvm_prf_cnts 
*          0    20000000    00000000     UNINITIALIZED

MODULE SUMMARY

       Module                         code   ro data   rw data
       ------                         ----   -------   -------
    ./
       tm4c123gh6pm_startup_ccs.obj   12     620       0      
       main.obj                       288    0         10     
       button.obj                     252    0         4      
       systick.obj                    124    0         2      
       gpio.obj                       60     0         0      
    +--+------------------------------+------+---------+---------+
       Total:                         736    620       16     
                                                              
    /home/mads/ti/ccs1260/ccs/tools/compiler/ti-cgt-arm_20.2.7.LTS/lib/rtsv7M4_T_le_v4SPD16_eabi.lib
       memcpy_t2.asm.obj              156    0         0      
       copy_decompress_lzss.c.obj     104    0         0      
       autoinit.c.obj                 68     0         0      
       boot_cortex_m.c.obj            52     0         0      
       copy_zero_init.c.obj           28     0         0      
       copy_decompress_none.c.obj     14     0         0      
       exit.c.obj                     4      0         0      
       pre_init.c.obj                 4      0         0      
    +--+------------------------------+------+---------+---------+
       Total:                         430    0         0      
                                                              
       Stack:                         0      0         512    
       Linker Generated:              0      53        0      
    +--+------------------------------+------+---------+---------+
       Grand Total:                   1166   673       528    


LINKER GENERATED COPY TABLES

__TI_cinit_table @ 00000728 records: 2, size/record: 8, table size: 16
	.data: load addr=00000700, load size=00000011 bytes, run addr=20000200, run size=0000000e bytes, compression=lzss
	.bss: load addr=00000720, load size=00000008 bytes, run addr=2000020e, run size=00000002 bytes, compression=zero_init


LINKER GENERATED HANDLER TABLE

__TI_handler_table @ 00000714 records: 3, size/record: 4, table size: 12
	index: 0, handler: __TI_decompress_lzss
	index: 1, handler: __TI_decompress_none
	index: 2, handler: __TI_zero_init


GLOBAL SYMBOLS: SORTED ALPHABETICALLY BY Name 

address   name                          
-------   ----                          
000006f7  C$$EXIT                       
000006e7  ResetISR                      
20000200  __STACK_END                   
00000200  __STACK_SIZE                  
20000200  __STACK_TOP                   
00000728  __TI_CINIT_Base               
00000738  __TI_CINIT_Limit              
00000714  __TI_Handler_Table_Base       
00000720  __TI_Handler_Table_Limit      
00000609  __TI_auto_init_nobinit_nopinit
000005a1  __TI_decompress_lzss          
000006d9  __TI_decompress_none          
ffffffff  __TI_pprof_out_hndl           
ffffffff  __TI_prof_data_size           
ffffffff  __TI_prof_data_start          
00000000  __TI_static_base__            
000006bd  __TI_zero_init_nomemset       
00000489  __aeabi_memcpy                
00000489  __aeabi_memcpy4               
00000489  __aeabi_memcpy8               
ffffffff  __binit__                     
ffffffff  __c_args__                    
UNDEFED   __mpu_init                    
20000000  __stack                       
20000000  __start___llvm_prf_cnts       
20000000  __stop___llvm_prf_cnts        
00000689  _c_int00_noargs               
UNDEFED   _system_post_cinit            
000006f3  _system_pre_init              
000006f7  abort                         
20000208  alive_timer                   
ffffffff  binit                         
2000020b  button_event                  
0000038d  button_pushed                 
00000000  g_pfnVectors                  
0000064d  init_gpio                     
00000531  init_systick                  
0000033b  main                          
00000489  memcpy                        
000002f9  night_mode                    
20000209  night_timer                   
0000026d  regular_mode                  
20000200  regular_mode_state            
000003a1  select_button                 
20000204  state                         
00000525  systick_handler               
2000020c  ticks                         


GLOBAL SYMBOLS: SORTED BY Symbol Address 

address   name                          
-------   ----                          
00000000  __TI_static_base__            
00000000  g_pfnVectors                  
00000200  __STACK_SIZE                  
0000026d  regular_mode                  
000002f9  night_mode                    
0000033b  main                          
0000038d  button_pushed                 
000003a1  select_button                 
00000489  __aeabi_memcpy                
00000489  __aeabi_memcpy4               
00000489  __aeabi_memcpy8               
00000489  memcpy                        
00000525  systick_handler               
00000531  init_systick                  
000005a1  __TI_decompress_lzss          
00000609  __TI_auto_init_nobinit_nopinit
0000064d  init_gpio                     
00000689  _c_int00_noargs               
000006bd  __TI_zero_init_nomemset       
000006d9  __TI_decompress_none          
000006e7  ResetISR                      
000006f3  _system_pre_init              
000006f7  C$$EXIT                       
000006f7  abort                         
00000714  __TI_Handler_Table_Base       
00000720  __TI_Handler_Table_Limit      
00000728  __TI_CINIT_Base               
00000738  __TI_CINIT_Limit              
20000000  __stack                       
20000000  __start___llvm_prf_cnts       
20000000  __stop___llvm_prf_cnts        
20000200  __STACK_END                   
20000200  __STACK_TOP                   
20000200  regular_mode_state            
20000204  state                         
20000208  alive_timer                   
20000209  night_timer                   
2000020b  button_event                  
2000020c  ticks                         
ffffffff  __TI_pprof_out_hndl           
ffffffff  __TI_prof_data_size           
ffffffff  __TI_prof_data_start          
ffffffff  __binit__                     
ffffffff  __c_args__                    
ffffffff  binit                         
UNDEFED   __mpu_init                    
UNDEFED   _system_post_cinit            

[47 symbols]
