******************************************************************************
                  TI ARM Linker Unix v20.2.7                   
******************************************************************************
>> Linked Tue Mar  5 20:14:10 2024

OUTPUT FILE NAME:   <LAB5.out>
ENTRY POINT SYMBOL: "_c_int00_noargs"  address: 00000ae1


MEMORY CONFIGURATION

         name            origin    length      used     unused   attr    fill
----------------------  --------  ---------  --------  --------  ----  --------
  FLASH                 00000000   00040000  00000b82  0003f47e  R  X
  SRAM                  20000000   00008000  00000209  00007df7  RW X


SEGMENT ALLOCATION MAP

run origin  load origin   length   init length attrs members
----------  ----------- ---------- ----------- ----- -------
00000000    00000000    00000b88   00000b88    r-x
  00000000    00000000    0000026c   0000026c    r-- .intvecs
  0000026c    0000026c    000008e6   000008e6    r-x .text
  00000b58    00000b58    00000030   00000030    r-- .cinit
20000000    20000000    0000020a   00000000    rw-
  20000000    20000000    00000200   00000000    rw- .stack
  20000200    20000200    00000007   00000000    rw- .data
  20000208    20000208    00000002   00000000    rw- .bss


SECTION ALLOCATION MAP

 output                                  attributes/
section   page    origin      length       input sections
--------  ----  ----------  ----------   ----------------
.intvecs   0    00000000    0000026c     
                  00000000    0000026c     tm4c123gh6pm_startup_ccs.obj (.intvecs)

.text      0    0000026c    000008e6     
                  0000026c    00000260     counter.obj (.text)
                  000004cc    00000220     uart0.obj (.text)
                  000006ec    00000100     button.obj (.text)
                  000007ec    0000009c     rtsv7M4_T_le_v4SPD16_eabi.lib : memcpy_t2.asm.obj (.text)
                  00000888    0000007c     systick.obj (.text)
                  00000904    00000078     main.obj (.text)
                  0000097c    0000006c     countled.obj (.text)
                  000009e8    00000068     rtsv7M4_T_le_v4SPD16_eabi.lib : copy_decompress_lzss.c.obj (.text:decompress:lzss:__TI_decompress_lzss)
                  00000a50    0000004c     gpio.obj (.text)
                  00000a9c    00000044     rtsv7M4_T_le_v4SPD16_eabi.lib : autoinit.c.obj (.text:__TI_auto_init_nobinit_nopinit:__TI_auto_init_nobinit_nopinit)
                  00000ae0    00000034                                   : boot_cortex_m.c.obj (.text:_c_int00_noargs:_c_int00_noargs)
                  00000b14    0000001c                                   : copy_zero_init.c.obj (.text:decompress:ZI:__TI_zero_init_nomemset:__TI_zero_init_nomemset)
                  00000b30    0000000e                                   : copy_decompress_none.c.obj (.text:decompress:none:__TI_decompress_none)
                  00000b3e    0000000c     tm4c123gh6pm_startup_ccs.obj (.text)
                  00000b4a    00000004     rtsv7M4_T_le_v4SPD16_eabi.lib : pre_init.c.obj (.text:_system_pre_init)
                  00000b4e    00000004                                   : exit.c.obj (.text:abort:abort)

.cinit     0    00000b58    00000030     
                  00000b58    0000000c     (__TI_handler_table)
                  00000b64    00000004     --HOLE-- [fill = 0]
                  00000b68    00000008     (.cinit..bss.load) [load image, compression = zero_init]
                  00000b70    00000007     (.cinit..data.load) [load image, compression = lzss]
                  00000b77    00000001     --HOLE-- [fill = 0]
                  00000b78    00000010     (__TI_cinit_table)

.init_array 
*          0    00000000    00000000     UNINITIALIZED

.data      0    20000200    00000007     UNINITIALIZED
                  20000200    00000004     counter.obj (.data)
                  20000204    00000002     systick.obj (.data)
                  20000206    00000001     button.obj (.data)

.bss       0    20000208    00000002     UNINITIALIZED
                  20000208    00000002     button.obj (.bss)

.stack     0    20000000    00000200     UNINITIALIZED
                  20000000    00000004     rtsv7M4_T_le_v4SPD16_eabi.lib : boot_cortex_m.c.obj (.stack)
                  20000004    000001fc     --HOLE--

__llvm_prf_cnts 
*          0    20000000    00000000     UNINITIALIZED

MODULE SUMMARY

       Module                         code   ro data   rw data
       ------                         ----   -------   -------
    ./
       tm4c123gh6pm_startup_ccs.obj   12     620       0      
       counter.obj                    608    0         4      
       uart0.obj                      544    0         0      
       button.obj                     256    0         3      
       systick.obj                    124    0         2      
       main.obj                       120    0         0      
       countled.obj                   108    0         0      
       gpio.obj                       76     0         0      
    +--+------------------------------+------+---------+---------+
       Total:                         1848   620       9      
                                                              
    /home/mads/ti/ccs1260/ccs/tools/compiler/ti-cgt-arm_20.2.7.LTS/lib/rtsv7M4_T_le_v4SPD16_eabi.lib
       memcpy_t2.asm.obj              156    0         0      
       copy_decompress_lzss.c.obj     104    0         0      
       autoinit.c.obj                 68     0         0      
       boot_cortex_m.c.obj            52     0         0      
       copy_zero_init.c.obj           28     0         0      
       copy_decompress_none.c.obj     14     0         0      
       exit.c.obj                     4      0         0      
       pre_init.c.obj                 4      0         0      
    +--+------------------------------+------+---------+---------+
       Total:                         430    0         0      
                                                              
       Stack:                         0      0         512    
       Linker Generated:              0      43        0      
    +--+------------------------------+------+---------+---------+
       Grand Total:                   2278   663       521    


LINKER GENERATED COPY TABLES

__TI_cinit_table @ 00000b78 records: 2, size/record: 8, table size: 16
	.bss: load addr=00000b68, load size=00000008 bytes, run addr=20000208, run size=00000002 bytes, compression=zero_init
	.data: load addr=00000b70, load size=00000007 bytes, run addr=20000200, run size=00000007 bytes, compression=lzss


LINKER GENERATED HANDLER TABLE

__TI_handler_table @ 00000b58 records: 3, size/record: 4, table size: 12
	index: 0, handler: __TI_decompress_lzss
	index: 1, handler: __TI_decompress_none
	index: 2, handler: __TI_zero_init


GLOBAL SYMBOLS: SORTED ALPHABETICALLY BY Name 

address   name                          
-------   ----                          
00000b4f  C$$EXIT                       
00000b3f  ResetISR                      
20000200  __STACK_END                   
00000200  __STACK_SIZE                  
20000200  __STACK_TOP                   
00000b78  __TI_CINIT_Base               
00000b88  __TI_CINIT_Limit              
00000b58  __TI_Handler_Table_Base       
00000b64  __TI_Handler_Table_Limit      
00000a9d  __TI_auto_init_nobinit_nopinit
000009e9  __TI_decompress_lzss          
00000b31  __TI_decompress_none          
ffffffff  __TI_pprof_out_hndl           
ffffffff  __TI_prof_data_size           
ffffffff  __TI_prof_data_start          
00000000  __TI_static_base__            
00000b15  __TI_zero_init_nomemset       
000007ed  __aeabi_memcpy                
000007ed  __aeabi_memcpy4               
000007ed  __aeabi_memcpy8               
ffffffff  __binit__                     
ffffffff  __c_args__                    
UNDEFED   __mpu_init                    
20000000  __stack                       
20000000  __start___llvm_prf_cnts       
20000000  __stop___llvm_prf_cnts        
00000ae1  _c_int00_noargs               
UNDEFED   _system_post_cinit            
00000b4b  _system_pre_init              
00000b4f  abort                         
ffffffff  binit                         
000006ed  button_pushed                 
0000026d  counter                       
0000097d  counter_leds                  
00000000  g_pfnVectors                  
00000a51  init_gpio                     
00000895  init_systick                  
0000053f  lcrh_databits                 
00000583  lcrh_parity                   
00000569  lcrh_stopbits                 
00000905  main                          
000007ed  memcpy                        
00000701  select_button                 
000004fb  sendIntOverUART               
00000889  systick_handler               
20000204  ticks                         
000005d7  uart0_fifos_disable           
000005cb  uart0_fifos_enable            
000005ed  uart0_getc                    
00000615  uart0_init                    
00000601  uart0_putc                    
000005e3  uart0_rx_rdy                  
000005f5  uart0_tx_rdy                  
000004cd  writeMessage                  


GLOBAL SYMBOLS: SORTED BY Symbol Address 

address   name                          
-------   ----                          
00000000  __TI_static_base__            
00000000  g_pfnVectors                  
00000200  __STACK_SIZE                  
0000026d  counter                       
000004cd  writeMessage                  
000004fb  sendIntOverUART               
0000053f  lcrh_databits                 
00000569  lcrh_stopbits                 
00000583  lcrh_parity                   
000005cb  uart0_fifos_enable            
000005d7  uart0_fifos_disable           
000005e3  uart0_rx_rdy                  
000005ed  uart0_getc                    
000005f5  uart0_tx_rdy                  
00000601  uart0_putc                    
00000615  uart0_init                    
000006ed  button_pushed                 
00000701  select_button                 
000007ed  __aeabi_memcpy                
000007ed  __aeabi_memcpy4               
000007ed  __aeabi_memcpy8               
000007ed  memcpy                        
00000889  systick_handler               
00000895  init_systick                  
00000905  main                          
0000097d  counter_leds                  
000009e9  __TI_decompress_lzss          
00000a51  init_gpio                     
00000a9d  __TI_auto_init_nobinit_nopinit
00000ae1  _c_int00_noargs               
00000b15  __TI_zero_init_nomemset       
00000b31  __TI_decompress_none          
00000b3f  ResetISR                      
00000b4b  _system_pre_init              
00000b4f  C$$EXIT                       
00000b4f  abort                         
00000b58  __TI_Handler_Table_Base       
00000b64  __TI_Handler_Table_Limit      
00000b78  __TI_CINIT_Base               
00000b88  __TI_CINIT_Limit              
20000000  __stack                       
20000000  __start___llvm_prf_cnts       
20000000  __stop___llvm_prf_cnts        
20000200  __STACK_END                   
20000200  __STACK_TOP                   
20000204  ticks                         
ffffffff  __TI_pprof_out_hndl           
ffffffff  __TI_prof_data_size           
ffffffff  __TI_prof_data_start          
ffffffff  __binit__                     
ffffffff  __c_args__                    
ffffffff  binit                         
UNDEFED   __mpu_init                    
UNDEFED   _system_post_cinit            

[54 symbols]
