******************************************************************************
                  TI ARM Linker Unix v20.2.7                   
******************************************************************************
>> Linked Mon Feb 12 15:51:09 2024

OUTPUT FILE NAME:   <lab2.out>
ENTRY POINT SYMBOL: "_c_int00_noargs"  address: 00001635


MEMORY CONFIGURATION

         name            origin    length      used     unused   attr    fill
----------------------  --------  ---------  --------  --------  ----  --------
  FLASH                 00000000   00040000  00001744  0003e8bc  R  X
  SRAM                  20000000   00008000  00000204  00007dfc  RW X


SEGMENT ALLOCATION MAP

run origin  load origin   length   init length attrs members
----------  ----------- ---------- ----------- ----- -------
00000000    00000000    00001748   00001748    r-x
  00000000    00000000    0000026c   0000026c    r-- .intvecs
  0000026c    0000026c    00001490   00001490    r-x .text
  00001700    00001700    00000030   00000030    r-- .const
  00001730    00001730    00000018   00000018    r-- .cinit
20000000    20000000    00000204   00000000    rw-
  20000000    20000000    00000200   00000000    rw- .stack
  20000200    20000200    00000004   00000000    rw- .data


SECTION ALLOCATION MAP

 output                                  attributes/
section   page    origin      length       input sections
--------  ----  ----------  ----------   ----------------
.intvecs   0    00000000    0000026c     
                  00000000    0000026c     tm4c123gh6pm_startup_ccs.obj (.intvecs)

.text      0    0000026c    00001490     
                  0000026c    000009d0     rtsv7M4_T_le_v4SPD16_eabi.lib : e_pow.c.obj (.text:pow)
                  00000c3c    000001b6                                   : fd_add_t2.asm.obj (.text)
                  00000df2    00000002     --HOLE-- [fill = 0]
                  00000df4    00000158                                   : e_sqrt.c.obj (.text:sqrt)
                  00000f4c    00000136                                   : fd_div_t2.asm.obj (.text)
                  00001082    00000002     --HOLE-- [fill = 0]
                  00001084    00000110                                   : s_scalbn.c.obj (.text:scalbn)
                  00001194    00000108     main.obj (.text)
                  0000129c    000000fc     rtsv7M4_T_le_v4SPD16_eabi.lib : fd_mul_t2.asm.obj (.text)
                  00001398    0000009c                                   : memcpy_t2.asm.obj (.text)
                  00001434    00000086                                   : fd_cmp_t2.asm.obj (.text:__aeabi_cdcmple)
                  000014ba    00000086                                   : fd_cmp_t2.asm.obj (.text:__aeabi_cdrcmple)
                  00001540    00000068                                   : copy_decompress_lzss.c.obj (.text:decompress:lzss:__TI_decompress_lzss)
                  000015a8    00000048                                   : fd_toi_t2.asm.obj (.text)
                  000015f0    00000044                                   : autoinit.c.obj (.text:__TI_auto_init_nobinit_nopinit:__TI_auto_init_nobinit_nopinit)
                  00001634    00000034                                   : boot_cortex_m.c.obj (.text:_c_int00_noargs:_c_int00_noargs)
                  00001668    0000002e                                   : i_tofd_t2.asm.obj (.text)
                  00001696    00000020                                   : u_tofd_t2.asm.obj (.text)
                  000016b6    0000001a                                   : s_copysign.c.obj (.text:copysign)
                  000016d0    0000000e                                   : copy_decompress_none.c.obj (.text:decompress:none:__TI_decompress_none)
                  000016de    0000000c     tm4c123gh6pm_startup_ccs.obj (.text)
                  000016ea    00000002     --HOLE-- [fill = 0]
                  000016ec    00000008     rtsv7M4_T_le_v4SPD16_eabi.lib : errno.c.obj (.text:__aeabi_errno_addr)
                  000016f4    00000004                                   : pre_init.c.obj (.text:_system_pre_init)
                  000016f8    00000004                                   : exit.c.obj (.text:abort:abort)

.const     0    00001700    00000030     
                  00001700    00000030     rtsv7M4_T_le_v4SPD16_eabi.lib : e_pow.c.obj (.const:$O1$$)

.cinit     0    00001730    00000018     
                  00001730    00000008     (__TI_handler_table)
                  00001738    00000007     (.cinit..data.load) [load image, compression = lzss]
                  0000173f    00000001     --HOLE-- [fill = 0]
                  00001740    00000008     (__TI_cinit_table)

.init_array 
*          0    00000000    00000000     UNINITIALIZED

.data      0    20000200    00000004     UNINITIALIZED
                  20000200    00000004     rtsv7M4_T_le_v4SPD16_eabi.lib : errno.c.obj (.data)

.stack     0    20000000    00000200     UNINITIALIZED
                  20000000    00000004     rtsv7M4_T_le_v4SPD16_eabi.lib : boot_cortex_m.c.obj (.stack)
                  20000004    000001fc     --HOLE--

__llvm_prf_cnts 
*          0    20000000    00000000     UNINITIALIZED

MODULE SUMMARY

       Module                         code   ro data   rw data
       ------                         ----   -------   -------
    ./
       tm4c123gh6pm_startup_ccs.obj   12     620       0      
       main.obj                       264    0         0      
    +--+------------------------------+------+---------+---------+
       Total:                         276    620       0      
                                                              
    /home/mads/ti/ccs1260/ccs/tools/compiler/ti-cgt-arm_20.2.7.LTS/lib/rtsv7M4_T_le_v4SPD16_eabi.lib
       e_pow.c.obj                    2512   48        0      
       fd_add_t2.asm.obj              438    0         0      
       e_sqrt.c.obj                   344    0         0      
       fd_div_t2.asm.obj              310    0         0      
       s_scalbn.c.obj                 272    0         0      
       fd_cmp_t2.asm.obj              268    0         0      
       fd_mul_t2.asm.obj              252    0         0      
       memcpy_t2.asm.obj              156    0         0      
       copy_decompress_lzss.c.obj     104    0         0      
       fd_toi_t2.asm.obj              72     0         0      
       autoinit.c.obj                 68     0         0      
       boot_cortex_m.c.obj            52     0         0      
       i_tofd_t2.asm.obj              46     0         0      
       u_tofd_t2.asm.obj              32     0         0      
       s_copysign.c.obj               26     0         0      
       copy_decompress_none.c.obj     14     0         0      
       errno.c.obj                    8      0         4      
       exit.c.obj                     4      0         0      
       pre_init.c.obj                 4      0         0      
    +--+------------------------------+------+---------+---------+
       Total:                         4982   48        4      
                                                              
       Stack:                         0      0         512    
       Linker Generated:              0      23        0      
    +--+------------------------------+------+---------+---------+
       Grand Total:                   5258   691       516    


LINKER GENERATED COPY TABLES

__TI_cinit_table @ 00001740 records: 1, size/record: 8, table size: 8
	.data: load addr=00001738, load size=00000007 bytes, run addr=20000200, run size=00000004 bytes, compression=lzss


LINKER GENERATED HANDLER TABLE

__TI_handler_table @ 00001730 records: 2, size/record: 4, table size: 8
	index: 0, handler: __TI_decompress_lzss
	index: 1, handler: __TI_decompress_none


GLOBAL SYMBOLS: SORTED ALPHABETICALLY BY Name 

address   name                          
-------   ----                          
000016f9  C$$EXIT                       
000016df  ResetISR                      
20000200  __STACK_END                   
00000200  __STACK_SIZE                  
20000200  __STACK_TOP                   
00001740  __TI_CINIT_Base               
00001748  __TI_CINIT_Limit              
00001730  __TI_Handler_Table_Base       
00001738  __TI_Handler_Table_Limit      
000015f1  __TI_auto_init_nobinit_nopinit
00001541  __TI_decompress_lzss          
000016d1  __TI_decompress_none          
ffffffff  __TI_pprof_out_hndl           
ffffffff  __TI_prof_data_size           
ffffffff  __TI_prof_data_start          
00000000  __TI_static_base__            
00001435  __aeabi_cdcmpeq               
00001435  __aeabi_cdcmple               
000014bb  __aeabi_cdrcmple              
000015a9  __aeabi_d2iz                  
00000c47  __aeabi_dadd                  
00000f4d  __aeabi_ddiv                  
0000129d  __aeabi_dmul                  
00000c3d  __aeabi_dsub                  
000016ed  __aeabi_errno_addr            
00001669  __aeabi_i2d                   
00001399  __aeabi_memcpy                
00001399  __aeabi_memcpy4               
00001399  __aeabi_memcpy8               
00001697  __aeabi_ui2d                  
ffffffff  __binit__                     
ffffffff  __c_args__                    
UNDEFED   __mpu_init                    
20000000  __stack                       
20000000  __start___llvm_prf_cnts       
20000000  __stop___llvm_prf_cnts        
00001635  _c_int00_noargs               
UNDEFED   _system_post_cinit            
000016f5  _system_pre_init              
000016f9  abort                         
ffffffff  binit                         
000016b7  copysign                      
000016b7  copysignl                     
20000200  errno                         
00000000  g_pfnVectors                  
00001085  ldexp                         
00001085  ldexpl                        
00001195  main                          
00001399  memcpy                        
0000026d  pow                           
0000026d  powl                          
00001085  scalbn                        
00001085  scalbnl                       
00000df5  sqrt                          
00000df5  sqrtl                         


GLOBAL SYMBOLS: SORTED BY Symbol Address 

address   name                          
-------   ----                          
00000000  __TI_static_base__            
00000000  g_pfnVectors                  
00000200  __STACK_SIZE                  
0000026d  pow                           
0000026d  powl                          
00000c3d  __aeabi_dsub                  
00000c47  __aeabi_dadd                  
00000df5  sqrt                          
00000df5  sqrtl                         
00000f4d  __aeabi_ddiv                  
00001085  ldexp                         
00001085  ldexpl                        
00001085  scalbn                        
00001085  scalbnl                       
00001195  main                          
0000129d  __aeabi_dmul                  
00001399  __aeabi_memcpy                
00001399  __aeabi_memcpy4               
00001399  __aeabi_memcpy8               
00001399  memcpy                        
00001435  __aeabi_cdcmpeq               
00001435  __aeabi_cdcmple               
000014bb  __aeabi_cdrcmple              
00001541  __TI_decompress_lzss          
000015a9  __aeabi_d2iz                  
000015f1  __TI_auto_init_nobinit_nopinit
00001635  _c_int00_noargs               
00001669  __aeabi_i2d                   
00001697  __aeabi_ui2d                  
000016b7  copysign                      
000016b7  copysignl                     
000016d1  __TI_decompress_none          
000016df  ResetISR                      
000016ed  __aeabi_errno_addr            
000016f5  _system_pre_init              
000016f9  C$$EXIT                       
000016f9  abort                         
00001730  __TI_Handler_Table_Base       
00001738  __TI_Handler_Table_Limit      
00001740  __TI_CINIT_Base               
00001748  __TI_CINIT_Limit              
20000000  __stack                       
20000000  __start___llvm_prf_cnts       
20000000  __stop___llvm_prf_cnts        
20000200  __STACK_END                   
20000200  __STACK_TOP                   
20000200  errno                         
ffffffff  __TI_pprof_out_hndl           
ffffffff  __TI_prof_data_size           
ffffffff  __TI_prof_data_start          
ffffffff  __binit__                     
ffffffff  __c_args__                    
ffffffff  binit                         
UNDEFED   __mpu_init                    
UNDEFED   _system_post_cinit            

[55 symbols]
