******************************************************************************
                  TI ARM Linker Unix v20.2.7                   
******************************************************************************
>> Linked Wed Feb 14 12:15:38 2024

OUTPUT FILE NAME:   <test.out>
ENTRY POINT SYMBOL: "_c_int00_noargs"  address: 00000645


MEMORY CONFIGURATION

         name            origin    length      used     unused   attr    fill
----------------------  --------  ---------  --------  --------  ----  --------
  FLASH                 00000000   00040000  00000706  0003f8fa  R  X
  SRAM                  20000000   00008000  00000215  00007deb  RW X


SEGMENT ALLOCATION MAP

run origin  load origin   length   init length attrs members
----------  ----------- ---------- ----------- ----- -------
00000000    00000000    00000708   00000708    r-x
  00000000    00000000    0000026c   0000026c    r-- .intvecs
  0000026c    0000026c    0000044a   0000044a    r-x .text
  000006b8    000006b8    00000020   00000020    r-- .const
  000006d8    000006d8    00000030   00000030    r-- .cinit
20000000    20000000    00000215   00000000    rw-
  20000000    20000000    00000200   00000000    rw- .stack
  20000200    20000200    00000010   00000000    rw- .data
  20000210    20000210    00000005   00000000    rw- .bss


SECTION ALLOCATION MAP

 output                                  attributes/
section   page    origin      length       input sections
--------  ----  ----------  ----------   ----------------
.intvecs   0    00000000    0000026c     
                  00000000    0000026c     tm4c123gh6pm_startup_ccs.obj (.intvecs)

.text      0    0000026c    0000044a     
                  0000026c    00000214     main.obj (.text)
                  00000480    0000009c     rtsv7M4_T_le_v4SPD16_eabi.lib : memcpy_t2.asm.obj (.text)
                  0000051c    0000007c     systick.obj (.text)
                  00000598    00000068     rtsv7M4_T_le_v4SPD16_eabi.lib : copy_decompress_lzss.c.obj (.text:decompress:lzss:__TI_decompress_lzss)
                  00000600    00000044                                   : autoinit.c.obj (.text:__TI_auto_init_nobinit_nopinit:__TI_auto_init_nobinit_nopinit)
                  00000644    00000034                                   : boot_cortex_m.c.obj (.text:_c_int00_noargs:_c_int00_noargs)
                  00000678    0000001c                                   : copy_zero_init.c.obj (.text:decompress:ZI:__TI_zero_init_nomemset:__TI_zero_init_nomemset)
                  00000694    0000000e                                   : copy_decompress_none.c.obj (.text:decompress:none:__TI_decompress_none)
                  000006a2    0000000c     tm4c123gh6pm_startup_ccs.obj (.text)
                  000006ae    00000004     rtsv7M4_T_le_v4SPD16_eabi.lib : pre_init.c.obj (.text:_system_pre_init)
                  000006b2    00000004                                   : exit.c.obj (.text:abort:abort)

.const     0    000006b8    00000020     
                  000006b8    00000020     main.obj (.const:$P$T0$1)

.cinit     0    000006d8    00000030     
                  000006d8    0000000c     (__TI_handler_table)
                  000006e4    0000000b     (.cinit..data.load) [load image, compression = lzss]
                  000006ef    00000001     --HOLE-- [fill = 0]
                  000006f0    00000008     (.cinit..bss.load) [load image, compression = zero_init]
                  000006f8    00000010     (__TI_cinit_table)

.init_array 
*          0    00000000    00000000     UNINITIALIZED

.data      0    20000200    00000010     UNINITIALIZED
                  20000200    00000009     main.obj (.data)
                  20000209    00000003     --HOLE--
                  2000020c    00000004     systick.obj (.data)

.bss       0    20000210    00000005     UNINITIALIZED
                  20000210    00000004     (.common:double_press_timer)
                  20000214    00000001     (.common:automode_active)

.stack     0    20000000    00000200     UNINITIALIZED
                  20000000    00000004     rtsv7M4_T_le_v4SPD16_eabi.lib : boot_cortex_m.c.obj (.stack)
                  20000004    000001fc     --HOLE--

__llvm_prf_cnts 
*          0    20000000    00000000     UNINITIALIZED

MODULE SUMMARY

       Module                         code   ro data   rw data
       ------                         ----   -------   -------
    ./
       tm4c123gh6pm_startup_ccs.obj   12     620       0      
       main.obj                       532    32        14     
       systick.obj                    124    0         4      
    +--+------------------------------+------+---------+---------+
       Total:                         668    652       18     
                                                              
    /home/mads/ti/ccs1260/ccs/tools/compiler/ti-cgt-arm_20.2.7.LTS/lib/rtsv7M4_T_le_v4SPD16_eabi.lib
       memcpy_t2.asm.obj              156    0         0      
       copy_decompress_lzss.c.obj     104    0         0      
       autoinit.c.obj                 68     0         0      
       boot_cortex_m.c.obj            52     0         0      
       copy_zero_init.c.obj           28     0         0      
       copy_decompress_none.c.obj     14     0         0      
       exit.c.obj                     4      0         0      
       pre_init.c.obj                 4      0         0      
    +--+------------------------------+------+---------+---------+
       Total:                         430    0         0      
                                                              
       Stack:                         0      0         512    
       Linker Generated:              0      47        0      
    +--+------------------------------+------+---------+---------+
       Grand Total:                   1098   699       530    


LINKER GENERATED COPY TABLES

__TI_cinit_table @ 000006f8 records: 2, size/record: 8, table size: 16
	.data: load addr=000006e4, load size=0000000b bytes, run addr=20000200, run size=00000010 bytes, compression=lzss
	.bss: load addr=000006f0, load size=00000008 bytes, run addr=20000210, run size=00000005 bytes, compression=zero_init


LINKER GENERATED HANDLER TABLE

__TI_handler_table @ 000006d8 records: 3, size/record: 4, table size: 12
	index: 0, handler: __TI_decompress_lzss
	index: 1, handler: __TI_decompress_none
	index: 2, handler: __TI_zero_init


GLOBAL SYMBOLS: SORTED ALPHABETICALLY BY Name 

address   name                          
-------   ----                          
000006b3  C$$EXIT                       
000002e3  GPIOF_Handler                 
0000026d  GPIOF_Init                    
0000034d  LED_Changer                   
000006a3  ResetISR                      
20000200  __STACK_END                   
00000200  __STACK_SIZE                  
20000200  __STACK_TOP                   
000006f8  __TI_CINIT_Base               
00000708  __TI_CINIT_Limit              
000006d8  __TI_Handler_Table_Base       
000006e4  __TI_Handler_Table_Limit      
00000601  __TI_auto_init_nobinit_nopinit
00000599  __TI_decompress_lzss          
00000695  __TI_decompress_none          
ffffffff  __TI_pprof_out_hndl           
ffffffff  __TI_prof_data_size           
ffffffff  __TI_prof_data_start          
00000000  __TI_static_base__            
00000679  __TI_zero_init_nomemset       
00000481  __aeabi_memcpy                
00000481  __aeabi_memcpy4               
00000481  __aeabi_memcpy8               
ffffffff  __binit__                     
ffffffff  __c_args__                    
UNDEFED   __mpu_init                    
20000000  __stack                       
20000000  __start___llvm_prf_cnts       
20000000  __stop___llvm_prf_cnts        
00000645  _c_int00_noargs               
UNDEFED   _system_post_cinit            
000006af  _system_pre_init              
000006b3  abort                         
20000200  alive_timer                   
000003a5  auto_mode                     
20000214  automode_active               
ffffffff  binit                         
20000204  color_count                   
20000208  direction_up                  
20000210  double_press_timer            
00000000  g_pfnVectors                  
00000527  init_systick                  
000003d3  main                          
00000481  memcpy                        
0000051d  systick_handler               
2000020c  ticks                         


GLOBAL SYMBOLS: SORTED BY Symbol Address 

address   name                          
-------   ----                          
00000000  __TI_static_base__            
00000000  g_pfnVectors                  
00000200  __STACK_SIZE                  
0000026d  GPIOF_Init                    
000002e3  GPIOF_Handler                 
0000034d  LED_Changer                   
000003a5  auto_mode                     
000003d3  main                          
00000481  __aeabi_memcpy                
00000481  __aeabi_memcpy4               
00000481  __aeabi_memcpy8               
00000481  memcpy                        
0000051d  systick_handler               
00000527  init_systick                  
00000599  __TI_decompress_lzss          
00000601  __TI_auto_init_nobinit_nopinit
00000645  _c_int00_noargs               
00000679  __TI_zero_init_nomemset       
00000695  __TI_decompress_none          
000006a3  ResetISR                      
000006af  _system_pre_init              
000006b3  C$$EXIT                       
000006b3  abort                         
000006d8  __TI_Handler_Table_Base       
000006e4  __TI_Handler_Table_Limit      
000006f8  __TI_CINIT_Base               
00000708  __TI_CINIT_Limit              
20000000  __stack                       
20000000  __start___llvm_prf_cnts       
20000000  __stop___llvm_prf_cnts        
20000200  __STACK_END                   
20000200  __STACK_TOP                   
20000200  alive_timer                   
20000204  color_count                   
20000208  direction_up                  
2000020c  ticks                         
20000210  double_press_timer            
20000214  automode_active               
ffffffff  __TI_pprof_out_hndl           
ffffffff  __TI_prof_data_size           
ffffffff  __TI_prof_data_start          
ffffffff  __binit__                     
ffffffff  __c_args__                    
ffffffff  binit                         
UNDEFED   __mpu_init                    
UNDEFED   _system_post_cinit            

[46 symbols]
